[36mvite v6.4.1 [32mbuilding for production...[36m[39m
[32mÔ£ô[39m 0 modules transformed.
transforming...
node.exe : [31mÔ£ù[39m 
Build failed in 51ms
At line:1 char:1
+ & "C:\Program 
Files\nodejs/node.exe" 
"C:\Program 
Files\nodejs/node_mo ...
+ ~~~~~~~~~~~~~~~~~~~~~~~~~~~~
~~~~~~~~~~~~~~~~~~~~~~~~~~~~~~
~~~~~~~~~~~
    + CategoryInfo          : 
    NotSpecified: ([31mÔ£ù  
  [39m Build failed in 51ms   
 :String) [], RemoteExcept    
ion
    + FullyQualifiedErrorId : 
    NativeCommandError
 
[31m[vite:esbuild] Transform 
failed with 4 errors:
C:/Users/jigne/Neh/seo-desc/ap
p/routes/app._index.jsx?__remi
x-build-client-route:173:13: 
ERROR: Multiple exports with 
the same name "loader"
C:/Users/jigne/Neh/seo-desc/ap
p/routes/app._index.jsx?__remi
x-build-client-route:173:13: 
ERROR: The symbol "loader" 
has already been declared
C:/Users/jigne/Neh/seo-desc/ap
p/routes/app._index.jsx?__remi
x-build-client-route:199:7: 
ERROR: Multiple exports with 
the same name "default"
C:/Users/jigne/Neh/seo-desc/ap
p/routes/app._index.jsx?__remi
x-build-client-route:199:24: 
ERROR: The symbol "Dashboard" 
has already been declared[39m
file: [36mC:/Users/jigne/Neh/
seo-desc/app/routes/app._index
.jsx?__remix-build-client-rout
e:173:13[39m
[33m
[33mMultiple exports with 
the same name "loader"[33m
171|  }
172|  
173|  export const loader = 
async ({ request }) => {
   |               ^
174|    const { session } = 
await 
authenticate.admin(request);
175|  

[33mThe symbol "loader" has 
already been declared[33m
171|  }
172|  
173|  export const loader = 
async ({ request }) => {
   |               ^
174|    const { session } = 
await 
authenticate.admin(request);
175|  

[33mMultiple exports with 
the same name "default"[33m
197|  };
198|  
199|  export default function 
Dashboard() {
   |         ^
200|    const { 
descriptionsGenerated, 
seoGenerated } = 
useLoaderData() || {};
201|    const navigate = 
useNavigate();

[33mThe symbol "Dashboard" 
has already been declared[33m
197|  };
198|  
199|  export default function 
Dashboard() {
   |                          
^
200|    const { 
descriptionsGenerated, 
seoGenerated } = 
useLoaderData() || {};
201|    const navigate = 
useNavigate();
[39m
    at failureErrorWithLog (C:
\Users\jigne\Neh\seo-desc\node
_modules\vite\node_modules\esb
uild\lib\main.js:1467:15)
    at C:\Users\jigne\Neh\seo-
desc\node_modules\vite\node_mo
dules\esbuild\lib\main.js:736:
50
    at 
responseCallbacks.<computed> (
C:\Users\jigne\Neh\seo-desc\no
de_modules\vite\node_modules\e
sbuild\lib\main.js:603:9)
    at handleIncomingPacket (C
:\Users\jigne\Neh\seo-desc\nod
e_modules\vite\node_modules\es
build\lib\main.js:658:12)
    at Socket.readFromStdout (
C:\Users\jigne\Neh\seo-desc\no
de_modules\vite\node_modules\e
sbuild\lib\main.js:581:7)
    at Socket.emit 
(node:events:508:28)
    at addChunk (node:internal
/streams/readable:563:12)
    at 
readableAddChunkPushByteMode (
node:internal/streams/readable
:514:3)
    at Socket.Readable.push (n
ode:internal/streams/readable:
394:5)
    at Pipe.onStreamRead (node
:internal/stream_base_commons:
189:23) {
  errors: [Getter/Setter],
  warnings: [Getter/Setter],
  frame: '\n' +
    '\x1B[33mMultiple exports 
with the same name 
"loader"\x1B[39m\n' +
    '171|  }\n' +
    '172|  \n' +
    '173|  export const 
loader = async ({ request }) 
=> {\n' +
    '   |               ^\n' +
    '174|    const { session 
} = await authenticate.admin(r
equest);\n' +
    '175|  \n' +
    '\n' +
    '\x1B[33mThe symbol 
"loader" has already been 
declared\x1B[39m\n' +
    '171|  }\n' +
    '172|  \n' +
    '173|  export const 
loader = async ({ request }) 
=> {\n' +
    '   |               ^\n' +
    '174|    const { session 
} = await authenticate.admin(r
equest);\n' +
    '175|  \n' +
    '\n' +
    '\x1B[33mMultiple exports 
with the same name 
"default"\x1B[39m\n' +
    '197|  };\n' +
    '198|  \n' +
    '199|  export default 
function Dashboard() {\n' +
    '   |         ^\n' +
    '200|    const { 
descriptionsGenerated, 
seoGenerated } = 
useLoaderData() || {};\n' +
    '201|    const navigate = 
useNavigate();\n' +
    '\n' +
    '\x1B[33mThe symbol 
"Dashboard" has already been 
declared\x1B[39m\n' +
    '197|  };\n' +
    '198|  \n' +
    '199|  export default 
function Dashboard() {\n' +
    '   |                     
     ^\n' +
    '200|    const { 
descriptionsGenerated, 
seoGenerated } = 
useLoaderData() || {};\n' +
    '201|    const navigate = 
useNavigate();\n',
  loc: {
    column: 13,
    file: 'C:/Users/jigne/Neh/
seo-desc/app/routes/app._index
.jsx?__remix-build-client-rout
e',
    length: 6,
    line: 173,
    lineText: 'export const 
loader = async ({ request }) 
=> {',
    namespace: '',
    suggestion: ''
  },
  code: 'PLUGIN_ERROR',
  plugin: 'vite:esbuild',
  hook: 'transform',
  id: 'C:/Users/jigne/Neh/seo-
desc/app/routes/app._index.jsx
?__remix-build-client-route',
  watchFiles: [
    'C:/Users/jigne/Neh/seo-de
sc/app/root.jsx',
    'C:/Users/jigne/Neh/seo-de
sc/node_modules/@remix-run/dev
/dist/config/defaults/entry.cl
ient.tsx',
    'C:/Users/jigne/Neh/seo-de
sc/app/routes/webhooks.jsx',
    'C:/Users/jigne/Neh/seo-de
sc/app/routes/debug.env.jsx',
    'C:/Users/jigne/Neh/seo-de
sc/app/routes/auth.login/route
.jsx',
    'C:/Users/jigne/Neh/seo-de
sc/app/routes/webhooks.app.sub
scription_update.jsx',
    'C:/Users/jigne/Neh/seo-de
sc/app/routes/webhooks.app.sco
pes_update.jsx',
    'C:/Users/jigne/Neh/seo-de
sc/app/routes/webhooks.app.uni
nstalled.jsx',
    'C:/Users/jigne/Neh/seo-de
sc/app/routes/auth.$.jsx',
    'C:/Users/jigne/Neh/seo-de
sc/app/routes/_index/route.jsx
',
    'C:/Users/jigne/Neh/seo-de
sc/app/routes/privacy.jsx',
    'C:/Users/jigne/Neh/seo-de
sc/app/routes/app.descriptions
.jsx',
    'C:/Users/jigne/Neh/seo-de
sc/app/routes/app.jsx',
    'C:/Users/jigne/Neh/seo-de
sc/app/routes/app.api.ping.jsx
',
    'C:/Users/jigne/Neh/seo-de
sc/app/routes/app.api.generate
.jsx',
    'C:/Users/jigne/Neh/seo-de
sc/app/routes/app.api.save.jsx
',
    'C:/Users/jigne/Neh/seo-de
sc/app/routes/app.audit.jsx',
    'C:/Users/jigne/Neh/seo-de
sc/app/routes/app._index.jsx',
    'C:/Users/jigne/Neh/seo-de
sc/app/routes/app.seo.jsx',
    'C:/Users/jigne/Neh/seo-de
sc/app/routes/app.plans.jsx'
  ]
}
